// Jest Snapshot v1, https://goo.gl/fbAQLP

exports[`CustomResource Testing Should match snapshot 1`] = `
{
  "Parameters": {
    "BootstrapVersion": {
      "Default": "/cdk-bootstrap/hnb659fds/version",
      "Description": "Version of the CDK Bootstrap resources in this environment, automatically retrieved from SSM Parameter Store. [cdk:skip]",
      "Type": "AWS::SSM::Parameter::Value<String>",
    },
  },
  "Resources": {
    "CloudFrontSecureStaticWebsiteDistributionA6621912": {
      "Properties": {
        "DistributionConfig": {
          "Aliases": [
            "static.example.com",
          ],
          "Comment": "Static Website distribution",
          "CustomErrorResponses": [
            {
              "ErrorCachingMinTTL": 300,
              "ErrorCode": 403,
              "ResponseCode": 404,
              "ResponsePagePath": "/404.html",
            },
            {
              "ErrorCachingMinTTL": 300,
              "ErrorCode": 404,
              "ResponseCode": 404,
              "ResponsePagePath": "/404.html",
            },
          ],
          "DefaultCacheBehavior": {
            "AllowedMethods": [
              "GET",
              "HEAD",
              "OPTIONS",
            ],
            "CachePolicyId": "658327ea-f89d-4fab-a63d-7e88639e58f6",
            "CachedMethods": [
              "GET",
              "HEAD",
              "OPTIONS",
            ],
            "Compress": true,
            "ResponseHeadersPolicyId": {
              "Ref": "ResponseHeadersPolicy13DBF9E0",
            },
            "TargetOriginId": "TestingStackCloudFrontSecureStaticWebsiteDistributionOrigin1DF30DFF4",
            "ViewerProtocolPolicy": "redirect-to-https",
          },
          "DefaultRootObject": "index.html",
          "Enabled": true,
          "HttpVersion": "http2and3",
          "IPV6Enabled": true,
          "Origins": [
            {
              "DomainName": {
                "Fn::GetAtt": [
                  "StaticWebsiteOriginBucket6EE753C0",
                  "RegionalDomainName",
                ],
              },
              "Id": "TestingStackCloudFrontSecureStaticWebsiteDistributionOrigin1DF30DFF4",
              "OriginAccessControlId": {
                "Fn::GetAtt": [
                  "idxxxxAFC70BC3",
                  "Id",
                ],
              },
              "S3OriginConfig": {
                "OriginAccessIdentity": "",
              },
            },
          ],
          "ViewerCertificate": {
            "AcmCertificateArn": {
              "Ref": "StaticWebsiteCertificate963AEB98",
            },
            "MinimumProtocolVersion": "TLSv1.2_2021",
            "SslSupportMethod": "sni-only",
          },
        },
      },
      "Type": "AWS::CloudFront::Distribution",
    },
    "ResponseHeadersPolicy13DBF9E0": {
      "Properties": {
        "ResponseHeadersPolicyConfig": {
          "Comment": "A default policy",
          "CustomHeadersConfig": {
            "Items": [
              {
                "Header": "Cache-Control",
                "Override": true,
                "Value": "no-cache, no-store, private",
              },
              {
                "Header": "pragma",
                "Override": true,
                "Value": "no-cache",
              },
            ],
          },
          "Name": "secure-static-website-response-header-a9c37bba-policy",
          "SecurityHeadersConfig": {
            "ContentTypeOptions": {
              "Override": true,
            },
            "FrameOptions": {
              "FrameOption": "SAMEORIGIN",
              "Override": true,
            },
            "ReferrerPolicy": {
              "Override": true,
              "ReferrerPolicy": "strict-origin-when-cross-origin",
            },
            "StrictTransportSecurity": {
              "AccessControlMaxAgeSec": 31536000,
              "IncludeSubdomains": true,
              "Override": true,
              "Preload": true,
            },
            "XSSProtection": {
              "ModeBlock": true,
              "Override": true,
              "Protection": true,
            },
          },
        },
      },
      "Type": "AWS::CloudFront::ResponseHeadersPolicy",
    },
    "StaticWebsiteCertificate963AEB98": {
      "Properties": {
        "DomainName": "static.example.com",
        "DomainValidationOptions": [
          {
            "DomainName": "static.example.com",
            "ValidationDomain": "example.com",
          },
        ],
        "Tags": [
          {
            "Key": "Name",
            "Value": "TestingStack/StaticWebsiteCertificate",
          },
        ],
        "ValidationMethod": "EMAIL",
      },
      "Type": "AWS::CertificateManager::Certificate",
    },
    "StaticWebsiteOriginBucket6EE753C0": {
      "DeletionPolicy": "Retain",
      "Properties": {
        "BucketEncryption": {
          "ServerSideEncryptionConfiguration": [
            {
              "ServerSideEncryptionByDefault": {
                "SSEAlgorithm": "AES256",
              },
            },
          ],
        },
      },
      "Type": "AWS::S3::Bucket",
      "UpdateReplacePolicy": "Retain",
    },
    "StaticWebsiteOriginBucketPolicy83D2F3E9": {
      "Properties": {
        "Bucket": {
          "Ref": "StaticWebsiteOriginBucket6EE753C0",
        },
        "PolicyDocument": {
          "Statement": [
            {
              "Action": "s3:GetObject",
              "Condition": {
                "StringEquals": {
                  "AWS:SourceArn": {
                    "Fn::Join": [
                      "",
                      [
                        "arn:",
                        {
                          "Ref": "AWS::Partition",
                        },
                        ":cloudfront::",
                        {
                          "Ref": "AWS::AccountId",
                        },
                        ":distribution/",
                        {
                          "Ref": "CloudFrontSecureStaticWebsiteDistributionA6621912",
                        },
                      ],
                    ],
                  },
                },
              },
              "Effect": "Allow",
              "Principal": {
                "Service": "cloudfront.amazonaws.com",
              },
              "Resource": {
                "Fn::Join": [
                  "",
                  [
                    {
                      "Fn::GetAtt": [
                        "StaticWebsiteOriginBucket6EE753C0",
                        "Arn",
                      ],
                    },
                    "/*",
                  ],
                ],
              },
            },
          ],
          "Version": "2012-10-17",
        },
      },
      "Type": "AWS::S3::BucketPolicy",
    },
    "idxxxxAFC70BC3": {
      "Properties": {
        "OriginAccessControlConfig": {
          "Description": "secure static website orgin access controle",
          "Name": "secure-static-website-a9c37bba-origin-access-controle",
          "OriginAccessControlOriginType": "s3",
          "SigningBehavior": "always",
          "SigningProtocol": "sigv4",
        },
      },
      "Type": "AWS::CloudFront::OriginAccessControl",
    },
  },
  "Rules": {
    "CheckBootstrapVersion": {
      "Assertions": [
        {
          "Assert": {
            "Fn::Not": [
              {
                "Fn::Contains": [
                  [
                    "1",
                    "2",
                    "3",
                    "4",
                    "5",
                  ],
                  {
                    "Ref": "BootstrapVersion",
                  },
                ],
              },
            ],
          },
          "AssertDescription": "CDK bootstrap stack version 6 required. Please run 'cdk bootstrap' with a recent version of the CDK CLI.",
        },
      ],
    },
  },
}
`;
